// Jest Snapshot v1, https://goo.gl/fbAQLP

exports[`useReactSimpleMatchMedia should match custom viewport 1`] = `
<div>
  should be visible
</div>
`;

exports[`useReactSimpleMatchMedia should match phone viewport 1`] = `
<div>
  should be visible
</div>
`;

exports[`useReactSimpleMatchMedia should not match phone viewport 1`] = `""`;
